<html>
<body>
<pre>
<h1>µVision Build Log</h1>
<h2>Tool Versions:</h2>
IDE-Version: µVision V5.38.0.0
Copyright (C) 2022 ARM Ltd and ARM Germany GmbH. All rights reserved.
License Information: nhan trong, vucom, LIC=YA39H-WVJR4-UH58H-W2ITH-QY6S7-GQVRY
 
Tool Versions:
Toolchain:       MDK-ARM Plus  Version: 5.38.0.0
Toolchain Path:  C:\Keil_v5\ARM\ARMCLANG\Bin
C Compiler:      ArmClang.exe V6.19
Assembler:       Armasm.exe V6.19
Linker/Locator:  ArmLink.exe V6.19
Library Manager: ArmAr.exe V6.19
Hex Converter:   FromElf.exe V6.19
CPU DLL:         SARMCM3.DLL V5.38.0.0
Dialog DLL:      DCM.DLL V1.17.5.0
Target DLL:      PEMicro\Pemicro_ArmCortexInterface.dll V1.3.0.0
Dialog DLL:      TCM.DLL V1.56.4.0
 
<h2>Project:</h2>
D:\CODE\EMB\S32K144_DRIVER\S32K144_DRIVER.uvprojx
Project File Date:  08/15/2023

<h2>Output:</h2>
*** Using Compiler 'V6.19', folder: 'C:\Keil_v5\ARM\ARMCLANG\Bin'
Rebuild target 'Target 1'
main.c(3): warning: no previous prototype for function 'Function_LedRed' [-Wmissing-prototypes]
void Function_LedRed(void)
     ^
main.c(3): note: declare 'static' if the function is not intended to be used outside of this translation unit
void Function_LedRed(void)
^
static 
main.c(8): warning: no previous prototype for function 'Function_LedGreen' [-Wmissing-prototypes]
void Function_LedGreen(void)
     ^
main.c(8): note: declare 'static' if the function is not intended to be used outside of this translation unit
void Function_LedGreen(void)
^
static 
main.c(13): warning: no previous prototype for function 'Function_LedBlue' [-Wmissing-prototypes]
void Function_LedBlue(void)
     ^
main.c(13): note: declare 'static' if the function is not intended to be used outside of this translation unit
void Function_LedBlue(void)
^
static 
3 warnings generated.
compiling main.c...
SYSTICK.c(5): warning: function 'Systick_MAIN_Delay_Test' could be declared with attribute 'noreturn' [-Wmissing-noreturn]
{
^
1 warning generated.
compiling SYSTICK.c...
S32K144_INTERRUPT.c(2): warning: In file included from...
./S32K144_INTERRUPT.h(5): warning: In file included from...
./S32K144.h(12): warning: In file included from...
./NVIC.h(6): warning: In file included from...
./NVIC_Register.h(20): warning: padding struct 'NVIC_Typedef' with 3 bytes to align 'STIR' [-Wpadded]
  volatile unsigned int STIR;          
                        ^
1 warning generated.
compiling S32K144_INTERRUPT.c...
compiling S32K144_BUTTON.c...
Softtimer.c(2): warning: In file included from...
./Softtimer.h(21): warning: padding struct 'struct Softtimer' with 3 bytes to align 'TimeoutValue' [-Wpadded]
  unsigned int TimeoutValue;
               ^
1 warning generated.
compiling Softtimer.c...
compiling S32K144_LED.c...
compiling Clock.c...
NVIC.c(2): warning: In file included from...
./NVIC.h(6): warning: In file included from...
./NVIC_Register.h(20): warning: padding struct 'NVIC_Typedef' with 3 bytes to align 'STIR' [-Wpadded]
  volatile unsigned int STIR;          
                        ^
1 warning generated.
compiling NVIC.c...
compiling Gpio.c...
LPIT.c(12): warning: function 'MainLPIT_Test' could be declared with attribute 'noreturn' [-Wmissing-noreturn]
{
^
LPIT.c(6): warning: unused variable 'test' [-Wunused-variable]
static unsigned int test=0;
                    ^
LPIT.c(7): warning: unused variable 'total' [-Wunused-variable]
static int total=0;
           ^
LPIT.c(8): warning: unused variable 'Starttimer' [-Wunused-variable]
static unsigned int Starttimer=0;
                    ^
LPIT.c(9): warning: unused variable 'Stoptimer' [-Wunused-variable]
static unsigned int Stoptimer=0;
                    ^
5 warnings generated.
compiling LPIT.c...
UART.c(27): warning: mixing declarations and code is incompatible with standards before C99 [-Wdeclaration-after-statement]
        unsigned char DataSend[5]= {'A','B','C','D','\n'};
                      ^
UART.c(28): warning: unused variable 'DataRead' [-Wunused-variable]
        unsigned char DataRead[20]={0};
                      ^
UART.c(16): warning: function 'UART0_MAIN_TEST' could be declared with attribute 'noreturn' [-Wmissing-noreturn]
{
^
3 warnings generated.
compiling UART.c...
SPI.c(6): warning: variable 'a' set but not used [-Wunused-but-set-variable]
    volatile unsigned int *a;
                           ^
1 warning generated.
compiling SPI.c...
compiling startup.c...
assembling startup_S32K144.S...
compiling system_S32K144.c...
linking...
Program Size: Code=920 RO-data=596 RW-data=0 ZI-data=3084  
FromELF: creating hex file...
".\Objects\S32K144_DRIVER.axf" - 0 Error(s), 16 Warning(s).

<h2>Software Packages used:</h2>

Package Vendor: ARM
                http://www.keil.com/pack/ARM.CMSIS.5.9.0.pack
                ARM.CMSIS.5.9.0
                CMSIS (Common Microcontroller Software Interface Standard)
   * Component: CORE Version: 5.6.0

Package Vendor: Keil
                http://www.keil.com/pack/Keil.S32_SDK_DFP.1.5.0.pack
                Keil.S32_SDK_DFP.1.5.0
                NXP S32 SDK S32K14x Device Support
   * Component: Startup Version: 2.0.0

<h2>Collection of Component include folders:</h2>
  ./RTE/Device/S32K144HAxxxLLx
  ./RTE/_Target_1
  C:/Users/Dell/AppData/Local/Arm/Packs/ARM/CMSIS/5.9.0/CMSIS/Core/Include
  C:/Users/Dell/AppData/Local/Arm/Packs/Keil/S32_SDK_DFP/1.5.0/platform/devices
  C:/Users/Dell/AppData/Local/Arm/Packs/Keil/S32_SDK_DFP/1.5.0/platform/devices/common

<h2>Collection of Component Files used:</h2>

   * Component: ARM::CMSIS:CORE:5.6.0

   * Component: Keil::Device:Startup:2.0.0
      Source file:   platform/devices/startup.c
      Include file:  platform/devices/device_registers.h
      Include file:  platform/devices/S32K144/startup/system_S32K144.h
      Source file:   platform/devices/S32K144/startup/system_S32K144.c
      Source file:   platform/devices/S32K144/startup/armc/startup_S32K144.S
Build Time Elapsed:  00:00:01
</pre>
</body>
</html>
