<html>
<body>
<pre>
<h1>µVision Build Log</h1>
<h2>Tool Versions:</h2>
IDE-Version: µVision V5.38.0.0
Copyright (C) 2022 ARM Ltd and ARM Germany GmbH. All rights reserved.
License Information: vu nghf, vugh, LIC=SDA0P-MMDV3-453T5-GY4RB-ZPP1Q-QKZ0Z
 
Tool Versions:
Toolchain:       MDK-ARM Plus  Version: 5.38.0.0
Toolchain Path:  C:\Keil_v5\ARM\ARMCLANG\Bin
C Compiler:      ArmClang.exe V6.19
Assembler:       Armasm.exe V6.19
Linker/Locator:  ArmLink.exe V6.19
Library Manager: ArmAr.exe V6.19
Hex Converter:   FromElf.exe V6.19
CPU DLL:         SARMCM3.DLL V5.38.0.0
Dialog DLL:      DCM.DLL V1.17.5.0
Target DLL:      PEMicro\Pemicro_ArmCortexInterface.dll V1.3.0.0
Dialog DLL:      TCM.DLL V1.56.4.0
 
<h2>Project:</h2>
D:\CODE\FPT_EMB\EMB\S32K144_DRIVER\S32K144_DRIVER\S32K144_DRIVER.uvprojx
Project File Date:  07/28/2023

<h2>Output:</h2>
*** Using Compiler 'V6.19', folder: 'C:\Keil_v5\ARM\ARMCLANG\Bin'
Build target 'Target 1'
compiling main.c...
compiling Clock.c...
compiling S32K144_LED.c...
compiling SYSTICK.c...
compiling S32K144_INTERRUPT.c...
compiling S32K144_BUTTON.c...
compiling Gpio.c...
Softtimer.c(2): warning: In file included from...
./Softtimer.h(21): warning: padding struct 'struct Softtimer' with 3 bytes to align 'TimeoutValue' [-Wpadded]
  unsigned int TimeoutValue;
               ^
1 warning generated.
compiling Softtimer.c...
linking...
Program Size: Code=1360 RO-data=596 RW-data=0 ZI-data=3080  
".\Objects\S32K144_DRIVER.axf" - 0 Error(s), 1 Warning(s).

<h2>Software Packages used:</h2>

Package Vendor: ARM
                http://www.keil.com/pack/ARM.CMSIS.5.9.0.pack
                ARM.CMSIS.5.9.0
                CMSIS (Common Microcontroller Software Interface Standard)
   * Component: CORE Version: 5.6.0

Package Vendor: Keil
                http://www.keil.com/pack/Keil.S32_SDK_DFP.1.5.0.pack
                Keil.S32_SDK_DFP.1.5.0
                NXP S32 SDK S32K14x Device Support
   * Component: Startup Version: 2.0.0

<h2>Collection of Component include folders:</h2>
  ./RTE/Device/S32K144HAxxxLLx
  ./RTE/_Target_1
  C:/Users/PC/AppData/Local/Arm/Packs/ARM/CMSIS/5.9.0/CMSIS/Core/Include
  C:/Users/PC/AppData/Local/Arm/Packs/Keil/S32_SDK_DFP/1.5.0/platform/devices
  C:/Users/PC/AppData/Local/Arm/Packs/Keil/S32_SDK_DFP/1.5.0/platform/devices/common

<h2>Collection of Component Files used:</h2>

   * Component: ARM::CMSIS:CORE:5.6.0

   * Component: Keil::Device:Startup:2.0.0
      Source file:   platform/devices/startup.c
      Source file:   platform/devices/S32K144/startup/system_S32K144.c
      Include file:  platform/devices/S32K144/startup/system_S32K144.h
      Source file:   platform/devices/S32K144/startup/armc/startup_S32K144.S
      Include file:  platform/devices/device_registers.h
Build Time Elapsed:  00:00:01
</pre>
</body>
</html>
